{"17085":{"County Name":"Jo Daviess County, Illinois","2018 Food Insecurity %":0.09,"[Revised Projections \u2013 Oct 2020] \n2020 Food Insecurity  %":0.133,"2018 Child Food Insecurity  %":0.128,"[Revised Projections \u2013 Oct 2020] \n2020 Child Food Insecurity  %":0.212}}
