{
    "NAME": [
        "JO DAVIESS"
    ],
    "fips": [
        "17085"
    ],
    "hispanic_or_latino": [
        "9"
    ],
    "race_amer_indian_or_alaskan_native": [
        "0"
    ],
    "race_asian": [
        "0"
    ],
    "race_black": [
        "2"
    ],
    "race_multiracial": [
        "1"
    ],
    "race_native_hawaii_or_pacific_islander": [
        "1"
    ],
    "race_white": [
        "36"
    ],
    "total": [
        "38"
    ]
}