{
    "NAME": [
        "JO DAVIESS"
    ],
    "fips": [
        "17085"
    ],
    "hispanic_or_latino": [
        "33"
    ],
    "race_amer_indian_or_alaskan_native": [
        "0"
    ],
    "race_asian": [
        "1"
    ],
    "race_black": [
        "10"
    ],
    "race_multiracial": [
        "1"
    ],
    "race_native_hawaii_or_pacific_islander": [
        "1"
    ],
    "race_white": [
        "157"
    ],
    "total": [
        "167"
    ]
}